UserResponse(id=1, name=홍길동, birthDate=null, provider=KAKAO, needsTutorial=true)
